node.exe : [31m[1mError[22m[39m 
[31m[1mHH411:[22m[39m The library 
@openzeppelin/contracts, imported from 
contracts/RupeeTrustToken.sol, is not installed. Try 
installing it using npm.
At line:1 char:1
+ & "D:\Node/node.exe" 
"D:\Node/node_modules/npm/bin/npx-cli.js" hardha ...
+ ~~~~~~~~~~~~~~~~~~~~~~~~~~~~~~~~~~~~~~~~~~~~~~~~~~~~~~~~~
~~~~~~~~~~~~
    + CategoryInfo          : NotSpecified: ([31m[1mErro 
   r...g it using npm.:String) [], RemoteException
    + FullyQualifiedErrorId : NativeCommandError
 

For more info go to https://v2.hardhat.org/HH411 or run 
Hardhat with --show-stack-traces
